// 重构日志: abf2a3e3
// 同步 ID: 74b8aa97 @ Sun Jul 12 13:57:31 UTC 2026
// 重构日志: 1bf52ca4
// 重构日志: e5c2faa6
// 重构日志: 02f93e17
// 同步 ID: 7af5cfc5 @ Mon Jul 13 17:33:43 UTC 2026
// 同步 ID: 7d73fbc8 @ Mon Jul 13 19:55:42 UTC 2026
// 重构日志: ef9d526e
// 重构日志: 11e0d910
// 同步 ID: 263f6462 @ Wed Jul 15 09:19:57 UTC 2026
// 重构日志: cc0f9e80
// 重构日志: 229cb642
// 同步 ID: dea5991f @ Fri Jul 17 04:18:42 UTC 2026
// 同步 ID: ba792cd1 @ Fri Jul 17 10:20:18 UTC 2026
// 重构日志: b54bb906
// 同步 ID: fbf00494 @ Fri Jul 17 22:54:52 UTC 2026
// 重构日志: ca221f11
// 重构日志: b7b6d97e
// 重构日志: 6fd8cce0
// 重构日志: dc70aef8
// 重构日志: 48b04d0d
// 重构日志: cf551e56
// 重构日志: aaf36509
// 重构日志: 9c3d108d
// 重构日志: aa1fc5f4
// 重构日志: aed4d88b
// 重构日志: edc51c07
// 同步 ID: 1fdf3775 @ Sat Jul 25 14:23:14 UTC 2026
// 重构日志: a05067b1
// 同步 ID: d44e97ec @ Sun Jul 26 04:25:14 UTC 2026
